2025-06-18 19:28:40 - INFO - Episode 1/1
2025-06-18 19:28:40 - INFO - Starting a new game...
2025-06-18 19:28:40 - INFO - Initial hands:
2025-06-18 19:28:40 - INFO - 0 (Player 0): ['5 of Spades', '5 of Diamonds', '7 of Hearts', '7 of Clubs', '8 of Clubs', '9 of Spades', '9 of Clubs', 'J of Spades', 'J of Diamonds', 'Q of Spades', 'Q of Hearts', 'Q of Clubs', 'K of Diamonds', '2 of Spades']
2025-06-18 19:28:40 - INFO - 1 (Player 1): ['3 of Spades', '3 of Clubs', '4 of Hearts', '4 of Clubs', '5 of Hearts', '6 of Spades', '6 of Hearts', '8 of Spades', '9 of Diamonds', '10 of Diamonds', 'J of Hearts', 'K of Spades', 'A of Diamonds', '2 of Hearts']
2025-06-18 19:28:40 - INFO - 2 (Player 2): ['3 of Hearts', '3 of Diamonds', '5 of Clubs', '6 of Clubs', '7 of Spades', '7 of Diamonds', '10 of Spades', '10 of Hearts', '10 of Clubs', 'K of Hearts', 'A of Spades', '2 of Clubs', 'HJ']
2025-06-18 19:28:40 - INFO - 3 (Player 3): ['4 of Spades', '4 of Diamonds', '6 of Diamonds', '8 of Hearts', '8 of Diamonds', '9 of Hearts', 'J of Clubs', 'Q of Diamonds', 'K of Clubs', 'A of Hearts', 'A of Clubs', '2 of Diamonds', 'LJ']
2025-06-18 19:28:40 - INFO - hand: ['3 of Hearts', '3 of Diamonds', '5 of Clubs', '6 of Clubs', '7 of Spades', '7 of Diamonds', '10 of Spades', '10 of Hearts', '10 of Clubs', 'K of Hearts', 'A of Spades', '2 of Clubs', 'HJ']
2025-06-18 19:28:40 - INFO - 2: ['10 of Spades', '10 of Hearts', '10 of Clubs']
2025-06-18 19:28:40 - INFO - hand: ['4 of Spades', '4 of Diamonds', '6 of Diamonds', '8 of Hearts', '8 of Diamonds', '9 of Hearts', 'J of Clubs', 'Q of Diamonds', 'K of Clubs', 'A of Hearts', 'A of Clubs', '2 of Diamonds', 'LJ']
2025-06-18 19:28:40 - INFO - 3: (pass)
2025-06-18 19:28:40 - INFO - hand: ['5 of Spades', '5 of Diamonds', '7 of Hearts', '7 of Clubs', '8 of Clubs', '9 of Spades', '9 of Clubs', 'J of Spades', 'J of Diamonds', 'Q of Spades', 'Q of Hearts', 'Q of Clubs', 'K of Diamonds', '2 of Spades']
2025-06-18 19:28:40 - INFO - 0: ['Q of Spades', 'Q of Hearts', 'Q of Clubs']
2025-06-18 19:28:40 - INFO - hand: ['3 of Spades', '3 of Clubs', '4 of Hearts', '4 of Clubs', '5 of Hearts', '6 of Spades', '6 of Hearts', '8 of Spades', '9 of Diamonds', '10 of Diamonds', 'J of Hearts', 'K of Spades', 'A of Diamonds', '2 of Hearts']
2025-06-18 19:28:40 - INFO - 1: (pass)
2025-06-18 19:28:40 - INFO - hand: ['3 of Hearts', '3 of Diamonds', '5 of Clubs', '6 of Clubs', '7 of Spades', '7 of Diamonds', 'K of Hearts', 'A of Spades', '2 of Clubs', 'HJ']
2025-06-18 19:28:40 - INFO - 2: (pass)
2025-06-18 19:28:40 - INFO - hand: ['4 of Spades', '4 of Diamonds', '6 of Diamonds', '8 of Hearts', '8 of Diamonds', '9 of Hearts', 'J of Clubs', 'Q of Diamonds', 'K of Clubs', 'A of Hearts', 'A of Clubs', '2 of Diamonds', 'LJ']
2025-06-18 19:28:40 - INFO - 3: (pass)
2025-06-18 19:28:40 - INFO - hand: ['5 of Spades', '5 of Diamonds', '7 of Hearts', '7 of Clubs', '8 of Clubs', '9 of Spades', '9 of Clubs', 'J of Spades', 'J of Diamonds', 'K of Diamonds', '2 of Spades']
2025-06-18 19:28:40 - INFO - 0: ['5 of Spades', '5 of Diamonds']
2025-06-18 19:28:40 - INFO - hand: ['3 of Spades', '3 of Clubs', '4 of Hearts', '4 of Clubs', '5 of Hearts', '6 of Spades', '6 of Hearts', '8 of Spades', '9 of Diamonds', '10 of Diamonds', 'J of Hearts', 'K of Spades', 'A of Diamonds', '2 of Hearts']
2025-06-18 19:28:40 - INFO - 1: ['6 of Spades', '6 of Hearts']
2025-06-18 19:28:40 - INFO - hand: ['3 of Hearts', '3 of Diamonds', '5 of Clubs', '6 of Clubs', '7 of Spades', '7 of Diamonds', 'K of Hearts', 'A of Spades', '2 of Clubs', 'HJ']
2025-06-18 19:28:40 - INFO - 2: (pass)
2025-06-18 19:28:40 - INFO - hand: ['4 of Spades', '4 of Diamonds', '6 of Diamonds', '8 of Hearts', '8 of Diamonds', '9 of Hearts', 'J of Clubs', 'Q of Diamonds', 'K of Clubs', 'A of Hearts', 'A of Clubs', '2 of Diamonds', 'LJ']
2025-06-18 19:28:40 - INFO - 3: ['8 of Hearts', '8 of Diamonds']
2025-06-18 19:28:40 - INFO - hand: ['7 of Hearts', '7 of Clubs', '8 of Clubs', '9 of Spades', '9 of Clubs', 'J of Spades', 'J of Diamonds', 'K of Diamonds', '2 of Spades']
2025-06-18 19:28:40 - INFO - 0: ['J of Spades', 'J of Diamonds']
2025-06-18 19:28:40 - INFO - hand: ['3 of Spades', '3 of Clubs', '4 of Hearts', '4 of Clubs', '5 of Hearts', '8 of Spades', '9 of Diamonds', '10 of Diamonds', 'J of Hearts', 'K of Spades', 'A of Diamonds', '2 of Hearts']
2025-06-18 19:28:40 - INFO - 1: (pass)
2025-06-18 19:28:40 - INFO - hand: ['3 of Hearts', '3 of Diamonds', '5 of Clubs', '6 of Clubs', '7 of Spades', '7 of Diamonds', 'K of Hearts', 'A of Spades', '2 of Clubs', 'HJ']
2025-06-18 19:28:40 - INFO - 2: (pass)
2025-06-18 19:28:40 - INFO - hand: ['4 of Spades', '4 of Diamonds', '6 of Diamonds', '9 of Hearts', 'J of Clubs', 'Q of Diamonds', 'K of Clubs', 'A of Hearts', 'A of Clubs', '2 of Diamonds', 'LJ']
2025-06-18 19:28:40 - INFO - 3: ['A of Hearts', 'A of Clubs']
2025-06-18 19:28:40 - INFO - hand: ['7 of Hearts', '7 of Clubs', '8 of Clubs', '9 of Spades', '9 of Clubs', 'K of Diamonds', '2 of Spades']
2025-06-18 19:28:40 - INFO - 0: (pass)
2025-06-18 19:28:40 - INFO - hand: ['3 of Spades', '3 of Clubs', '4 of Hearts', '4 of Clubs', '5 of Hearts', '8 of Spades', '9 of Diamonds', '10 of Diamonds', 'J of Hearts', 'K of Spades', 'A of Diamonds', '2 of Hearts']
2025-06-18 19:28:40 - INFO - 1: (pass)
2025-06-18 19:28:40 - INFO - hand: ['3 of Hearts', '3 of Diamonds', '5 of Clubs', '6 of Clubs', '7 of Spades', '7 of Diamonds', 'K of Hearts', 'A of Spades', '2 of Clubs', 'HJ']
2025-06-18 19:28:40 - INFO - 2: (pass)
2025-06-18 19:28:40 - INFO - hand: ['4 of Spades', '4 of Diamonds', '6 of Diamonds', '9 of Hearts', 'J of Clubs', 'Q of Diamonds', 'K of Clubs', '2 of Diamonds', 'LJ']
2025-06-18 19:28:40 - INFO - 3: ['6 of Diamonds']
2025-06-18 19:28:40 - INFO - hand: ['7 of Hearts', '7 of Clubs', '8 of Clubs', '9 of Spades', '9 of Clubs', 'K of Diamonds', '2 of Spades']
2025-06-18 19:28:40 - INFO - 0: ['9 of Spades']
2025-06-18 19:28:40 - INFO - hand: ['3 of Spades', '3 of Clubs', '4 of Hearts', '4 of Clubs', '5 of Hearts', '8 of Spades', '9 of Diamonds', '10 of Diamonds', 'J of Hearts', 'K of Spades', 'A of Diamonds', '2 of Hearts']
2025-06-18 19:28:40 - INFO - 1: ['K of Spades']
2025-06-18 19:28:40 - INFO - hand: ['3 of Hearts', '3 of Diamonds', '5 of Clubs', '6 of Clubs', '7 of Spades', '7 of Diamonds', 'K of Hearts', 'A of Spades', '2 of Clubs', 'HJ']
2025-06-18 19:28:40 - INFO - 2: ['A of Spades']
2025-06-18 19:28:40 - INFO - hand: ['4 of Spades', '4 of Diamonds', '9 of Hearts', 'J of Clubs', 'Q of Diamonds', 'K of Clubs', '2 of Diamonds', 'LJ']
2025-06-18 19:28:40 - INFO - 3: ['2 of Diamonds']
2025-06-18 19:28:40 - INFO - hand: ['7 of Hearts', '7 of Clubs', '8 of Clubs', '9 of Clubs', 'K of Diamonds', '2 of Spades']
2025-06-18 19:28:40 - INFO - 0: (pass)
2025-06-18 19:28:40 - INFO - hand: ['3 of Spades', '3 of Clubs', '4 of Hearts', '4 of Clubs', '5 of Hearts', '8 of Spades', '9 of Diamonds', '10 of Diamonds', 'J of Hearts', 'A of Diamonds', '2 of Hearts']
2025-06-18 19:28:40 - INFO - 1: (pass)
2025-06-18 19:28:40 - INFO - hand: ['3 of Hearts', '3 of Diamonds', '5 of Clubs', '6 of Clubs', '7 of Spades', '7 of Diamonds', 'K of Hearts', '2 of Clubs', 'HJ']
2025-06-18 19:28:40 - INFO - 2: (pass)
2025-06-18 19:28:40 - INFO - hand: ['4 of Spades', '4 of Diamonds', '9 of Hearts', 'J of Clubs', 'Q of Diamonds', 'K of Clubs', 'LJ']
2025-06-18 19:28:40 - INFO - 3: ['J of Clubs', 'Q of Diamonds', 'K of Clubs']
2025-06-18 19:28:40 - INFO - hand: ['7 of Hearts', '7 of Clubs', '8 of Clubs', '9 of Clubs', 'K of Diamonds', '2 of Spades']
2025-06-18 19:28:40 - INFO - 0: ['7 of Clubs', '8 of Clubs', '9 of Clubs']
2025-06-18 19:28:40 - INFO - hand: ['3 of Spades', '3 of Clubs', '4 of Hearts', '4 of Clubs', '5 of Hearts', '8 of Spades', '9 of Diamonds', '10 of Diamonds', 'J of Hearts', 'A of Diamonds', '2 of Hearts']
2025-06-18 19:28:40 - INFO - 1: (pass)
2025-06-18 19:28:40 - INFO - hand: ['3 of Hearts', '3 of Diamonds', '5 of Clubs', '6 of Clubs', '7 of Spades', '7 of Diamonds', 'K of Hearts', '2 of Clubs', 'HJ']
2025-06-18 19:28:40 - INFO - 2: (pass)
2025-06-18 19:28:40 - INFO - hand: ['4 of Spades', '4 of Diamonds', '9 of Hearts', 'LJ']
2025-06-18 19:28:40 - INFO - 3: (pass)
2025-06-18 19:28:40 - INFO - hand: ['7 of Hearts', 'K of Diamonds', '2 of Spades']
2025-06-18 19:28:40 - INFO - 0: ['7 of Hearts']
2025-06-18 19:28:40 - INFO - hand: ['3 of Spades', '3 of Clubs', '4 of Hearts', '4 of Clubs', '5 of Hearts', '8 of Spades', '9 of Diamonds', '10 of Diamonds', 'J of Hearts', 'A of Diamonds', '2 of Hearts']
2025-06-18 19:28:40 - INFO - 1: ['J of Hearts']
2025-06-18 19:28:40 - INFO - hand: ['3 of Hearts', '3 of Diamonds', '5 of Clubs', '6 of Clubs', '7 of Spades', '7 of Diamonds', 'K of Hearts', '2 of Clubs', 'HJ']
2025-06-18 19:28:40 - INFO - 2: ['K of Hearts']
2025-06-18 19:28:40 - INFO - hand: ['4 of Spades', '4 of Diamonds', '9 of Hearts', 'LJ']
2025-06-18 19:28:40 - INFO - 3: ['LJ']
2025-06-18 19:28:40 - INFO - hand: ['K of Diamonds', '2 of Spades']
2025-06-18 19:28:40 - INFO - 0: (pass)
2025-06-18 19:28:40 - INFO - hand: ['3 of Spades', '3 of Clubs', '4 of Hearts', '4 of Clubs', '5 of Hearts', '8 of Spades', '9 of Diamonds', '10 of Diamonds', 'A of Diamonds', '2 of Hearts']
2025-06-18 19:28:40 - INFO - 1: (pass)
2025-06-18 19:28:40 - INFO - hand: ['3 of Hearts', '3 of Diamonds', '5 of Clubs', '6 of Clubs', '7 of Spades', '7 of Diamonds', '2 of Clubs', 'HJ']
2025-06-18 19:28:40 - INFO - 2: (pass)
2025-06-18 19:28:40 - INFO - hand: ['4 of Spades', '4 of Diamonds', '9 of Hearts']
2025-06-18 19:28:40 - INFO - 3: ['4 of Spades', '4 of Diamonds']
2025-06-18 19:28:40 - INFO - hand: ['K of Diamonds', '2 of Spades']
2025-06-18 19:28:40 - INFO - 0: (pass)
2025-06-18 19:28:40 - INFO - hand: ['3 of Spades', '3 of Clubs', '4 of Hearts', '4 of Clubs', '5 of Hearts', '8 of Spades', '9 of Diamonds', '10 of Diamonds', 'A of Diamonds', '2 of Hearts']
2025-06-18 19:28:40 - INFO - 1: (pass)
2025-06-18 19:28:40 - INFO - hand: ['3 of Hearts', '3 of Diamonds', '5 of Clubs', '6 of Clubs', '7 of Spades', '7 of Diamonds', '2 of Clubs', 'HJ']
2025-06-18 19:28:40 - INFO - 2: ['7 of Spades', '7 of Diamonds']
2025-06-18 19:28:40 - INFO - hand: ['9 of Hearts']
2025-06-18 19:28:40 - INFO - 3: (pass)
2025-06-18 19:28:40 - INFO - hand: ['K of Diamonds', '2 of Spades']
2025-06-18 19:28:40 - INFO - 0: (pass)
2025-06-18 19:28:40 - INFO - hand: ['3 of Spades', '3 of Clubs', '4 of Hearts', '4 of Clubs', '5 of Hearts', '8 of Spades', '9 of Diamonds', '10 of Diamonds', 'A of Diamonds', '2 of Hearts']
2025-06-18 19:28:40 - INFO - 1: (pass)
2025-06-18 19:28:40 - INFO - hand: ['3 of Hearts', '3 of Diamonds', '5 of Clubs', '6 of Clubs', '2 of Clubs', 'HJ']
2025-06-18 19:28:40 - INFO - 2: ['5 of Clubs']
2025-06-18 19:28:40 - INFO - hand: ['9 of Hearts']
2025-06-18 19:28:40 - INFO - 3: ['9 of Hearts']
2025-06-18 19:28:40 - INFO - hand: ['K of Diamonds', '2 of Spades']
2025-06-18 19:28:40 - INFO - 0: ['K of Diamonds']
2025-06-18 19:28:40 - INFO - hand: ['3 of Spades', '3 of Clubs', '4 of Hearts', '4 of Clubs', '5 of Hearts', '8 of Spades', '9 of Diamonds', '10 of Diamonds', 'A of Diamonds', '2 of Hearts']
2025-06-18 19:28:40 - INFO - 1: ['A of Diamonds']
2025-06-18 19:28:40 - INFO - hand: ['3 of Hearts', '3 of Diamonds', '6 of Clubs', '2 of Clubs', 'HJ']
2025-06-18 19:28:40 - INFO - 2: ['2 of Clubs']
2025-06-18 19:28:40 - INFO - hand: ['2 of Spades']
2025-06-18 19:28:40 - INFO - 0: (pass)
2025-06-18 19:28:40 - INFO - hand: ['3 of Spades', '3 of Clubs', '4 of Hearts', '4 of Clubs', '5 of Hearts', '8 of Spades', '9 of Diamonds', '10 of Diamonds', '2 of Hearts']
2025-06-18 19:28:40 - INFO - 1: (pass)
2025-06-18 19:28:40 - INFO - hand: ['3 of Hearts', '3 of Diamonds', '6 of Clubs', 'HJ']
2025-06-18 19:28:40 - INFO - 2: ['6 of Clubs']
2025-06-18 19:28:40 - INFO - hand: ['2 of Spades']
2025-06-18 19:28:40 - INFO - 0: ['2 of Spades']
2025-06-18 19:28:40 - INFO - hand: ['3 of Spades', '3 of Clubs', '4 of Hearts', '4 of Clubs', '5 of Hearts', '8 of Spades', '9 of Diamonds', '10 of Diamonds', '2 of Hearts']
2025-06-18 19:28:40 - INFO - 1: (pass)
2025-06-18 19:28:40 - INFO - hand: ['3 of Hearts', '3 of Diamonds', 'HJ']
2025-06-18 19:28:40 - INFO - 2: (pass)
2025-06-18 19:28:40 - INFO - hand: ['3 of Spades', '3 of Clubs', '4 of Hearts', '4 of Clubs', '5 of Hearts', '8 of Spades', '9 of Diamonds', '10 of Diamonds', '2 of Hearts']
2025-06-18 19:28:40 - INFO - 1: ['8 of Spades', '9 of Diamonds', '10 of Diamonds']
2025-06-18 19:28:40 - INFO - hand: ['3 of Hearts', '3 of Diamonds', 'HJ']
2025-06-18 19:28:40 - INFO - 2: (pass)
2025-06-18 19:28:40 - INFO - hand: ['3 of Spades', '3 of Clubs', '4 of Hearts', '4 of Clubs', '5 of Hearts', '2 of Hearts']
2025-06-18 19:28:40 - INFO - 1: ['4 of Hearts']
2025-06-18 19:28:40 - INFO - hand: ['3 of Hearts', '3 of Diamonds', 'HJ']
2025-06-18 19:28:40 - INFO - 2: ['HJ']
2025-06-18 19:28:40 - INFO - hand: ['3 of Spades', '3 of Clubs', '4 of Clubs', '5 of Hearts', '2 of Hearts']
2025-06-18 19:28:40 - INFO - 1: (pass)
2025-06-18 19:28:40 - INFO - hand: ['3 of Hearts', '3 of Diamonds']
2025-06-18 19:28:40 - INFO - 2: ['3 of Hearts', '3 of Diamonds']
2025-06-18 19:28:40 - INFO - [3, 0, 2, 1]
2025-06-18 19:28:40 - INFO - --------------------------------------------------
2025-06-18 19:28:40 - INFO -               Simulation Results              
┏━━━━━━━━━━┳━━━━━┳━━━━━┳━━━━━┳━━━━━┳━━━━━━━━━┓
┃  Player  ┃ 1st ┃ 2nd ┃ 3rd ┃ 4th ┃  Win %  ┃
┡━━━━━━━━━━╇━━━━━╇━━━━━╇━━━━━╇━━━━━╇━━━━━━━━━┩
│ Player 1 │  0  │  1  │  0  │  0  │  0.00%  │
│ Player 2 │  0  │  0  │  0  │  1  │  0.00%  │
│ Player 3 │  0  │  0  │  1  │  0  │  0.00%  │
│ Player 4 │  1  │  0  │  0  │  0  │ 100.00% │
└──────────┴─────┴─────┴─────┴─────┴─────────┘
